// Jest Snapshot v1, https://goo.gl/fbAQLP

exports[`<text-input /> match snapshot 1`] = `
<TextInput
  allowFontScaling={true}
  onChangeText={[Function]}
  rejectResponderTermination={true}
  style={
    Object {
      "borderColor": "gray",
      "borderWidth": 1,
      "height": 40,
    }
  }
  underlineColorAndroid="transparent"
  value=""
/>
`;
